17:35:47 == item 3 start: sets A-Fail A-Ignore B-Fail B-Ignore; removing vpol policies for the run
17:35:48 == set A-Fail: swap to policies/r3c-split-sig.yaml policies/r3c-split-sbom.yaml policies/r3c-split-vuln.yaml
NAME             AGE   READY
r3c-split-sbom   1s    true
r3c-split-sig    2s    true
r3c-split-vuln   1s    true
17:36:11 webhook failurePolicies (validating then mutating):
ivpol.validate.kyverno.svc-fail-finegrained-r3c-split-sbom fp=Fail timeout=30
ivpol.validate.kyverno.svc-fail-finegrained-r3c-split-sig fp=Fail timeout=30
ivpol.validate.kyverno.svc-fail-finegrained-r3c-split-vuln fp=Fail timeout=30
ivpol.mutate.kyverno.svc-fail-finegrained-r3c-split-sbom fp=Fail timeout=30
ivpol.mutate.kyverno.svc-fail-finegrained-r3c-split-sig fp=Fail timeout=30
ivpol.mutate.kyverno.svc-fail-finegrained-r3c-split-vuln fp=Fail timeout=30
17:36:11 -- control
  A-Fail/control golden #1: admitted (15.2 s)
  A-Fail/control golden #2: admitted (13.0 s)
  A-Fail/control golden #3: admitted (12.6 s)
  A-Fail/control golden #4: admitted (13.0 s)
  A-Fail/control golden #5: admitted (13.0 s)
  A-Fail/control unsigned #1: denied (6.0 s)
  A-Fail/control unsigned #2: denied (6.2 s)
  A-Fail/control unsigned #3: denied (6.4 s)
  A-Fail/control unsigned #4: denied (6.3 s)
  A-Fail/control unsigned #5: denied (6.4 s)
17:37:58 -- tuf-refused
  A-Fail/tuf-refused golden #1: denied (2.3 s)
  A-Fail/tuf-refused golden #2: denied (1.6 s)
  A-Fail/tuf-refused golden #3: denied (1.6 s)
  A-Fail/tuf-refused golden #4: denied (1.6 s)
  A-Fail/tuf-refused golden #5: denied (1.7 s)
  A-Fail/tuf-refused unsigned #1: denied (1.6 s)
  A-Fail/tuf-refused unsigned #2: denied (2.2 s)
  A-Fail/tuf-refused unsigned #3: denied (1.6 s)
  A-Fail/tuf-refused unsigned #4: denied (1.6 s)
  A-Fail/tuf-refused unsigned #5: denied (1.7 s)
17:39:11 -- ghcr-refused
  A-Fail/ghcr-refused golden #1: denied (0.4 s)
  A-Fail/ghcr-refused golden #2: denied (0.4 s)
  A-Fail/ghcr-refused golden #3: denied (0.4 s)
  A-Fail/ghcr-refused golden #4: denied (0.4 s)
  A-Fail/ghcr-refused golden #5: denied (0.3 s)
  A-Fail/ghcr-refused unsigned #1: denied (0.3 s)
  A-Fail/ghcr-refused unsigned #2: denied (0.3 s)
  A-Fail/ghcr-refused unsigned #3: denied (0.3 s)
  A-Fail/ghcr-refused unsigned #4: denied (0.4 s)
  A-Fail/ghcr-refused unsigned #5: denied (0.4 s)
17:40:33 -- cdn-refused
  A-Fail/cdn-refused golden #1: denied (1.2 s)
  A-Fail/cdn-refused golden #2: denied (1.4 s)
  A-Fail/cdn-refused golden #3: denied (1.1 s)
  A-Fail/cdn-refused golden #4: denied (1.1 s)
  A-Fail/cdn-refused golden #5: denied (1.1 s)
  A-Fail/cdn-refused unsigned #1: denied (1.1 s)
  A-Fail/cdn-refused unsigned #2: denied (1.1 s)
  A-Fail/cdn-refused unsigned #3: denied (1.0 s)
  A-Fail/cdn-refused unsigned #4: denied (1.1 s)
  A-Fail/cdn-refused unsigned #5: denied (1.0 s)
17:42:01 -- tuf-slow
  A-Fail/tuf-slow golden #1: denied (8.4 s)
  A-Fail/tuf-slow golden #2: denied (7.8 s)
  A-Fail/tuf-slow golden #3: denied (3.7 s)
  A-Fail/tuf-slow unsigned #1: denied (14.9 s)
  A-Fail/tuf-slow unsigned #2: denied (2.7 s)
  A-Fail/tuf-slow unsigned #3: denied (7.8 s)
17:44:02 -- ghcr-slow
  A-Fail/ghcr-slow golden #1: denied (5.4 s)
  A-Fail/ghcr-slow golden #2: denied (1.4 s)
  A-Fail/ghcr-slow golden #3: denied (5.3 s)
  A-Fail/ghcr-slow unsigned #1: denied (2.4 s)
  A-Fail/ghcr-slow unsigned #2: denied (2.4 s)
  A-Fail/ghcr-slow unsigned #3: denied (1.4 s)
17:46:03 -- scaled0
  A-Fail/scaled0 golden #1: admitted (0.3 s)
  A-Fail/scaled0 golden #2: admitted (0.5 s)
  A-Fail/scaled0 golden #3: admitted (0.3 s)
  A-Fail/scaled0 golden #4: admitted (0.3 s)
  A-Fail/scaled0 golden #5: admitted (0.3 s)
  A-Fail/scaled0 unsigned #1: admitted (0.3 s)
  A-Fail/scaled0 unsigned #2: admitted (0.3 s)
  A-Fail/scaled0 unsigned #3: admitted (0.3 s)
  A-Fail/scaled0 unsigned #4: admitted (0.3 s)
  A-Fail/scaled0 unsigned #5: admitted (0.3 s)
17:47:13 == set A-Ignore: swap to policies/r3c-ign-sig.yaml policies/r3c-ign-sbom.yaml policies/r3c-ign-vuln.yaml
NAME           AGE   READY
r3c-ign-sbom   5s    true
r3c-ign-sig    5s    true
r3c-ign-vuln   5s    true
17:47:40 webhook failurePolicies (validating then mutating):
ivpol.validate.kyverno.svc-ignore-finegrained-r3c-ign-sbom fp=Ignore timeout=30
ivpol.validate.kyverno.svc-ignore-finegrained-r3c-ign-sig fp=Ignore timeout=30
ivpol.validate.kyverno.svc-ignore-finegrained-r3c-ign-vuln fp=Ignore timeout=30
ivpol.mutate.kyverno.svc-ignore-finegrained-r3c-ign-sbom fp=Ignore timeout=30
ivpol.mutate.kyverno.svc-ignore-finegrained-r3c-ign-sig fp=Ignore timeout=30
ivpol.mutate.kyverno.svc-ignore-finegrained-r3c-ign-vuln fp=Ignore timeout=30
17:47:40 -- control
  A-Ignore/control golden #1: denied (14.6 s)
  A-Ignore/control golden #2: admitted (12.7 s)
  A-Ignore/control golden #3: admitted (12.1 s)
  A-Ignore/control golden #4: admitted (12.5 s)
  A-Ignore/control golden #5: admitted (12.7 s)
  A-Ignore/control unsigned #1: denied (6.4 s)
  A-Ignore/control unsigned #2: denied (6.1 s)
  A-Ignore/control unsigned #3: denied (6.3 s)
  A-Ignore/control unsigned #4: denied (6.5 s)
  A-Ignore/control unsigned #5: denied (6.2 s)
17:49:19 -- tuf-refused
  A-Ignore/tuf-refused golden #1: denied (2.4 s)
  A-Ignore/tuf-refused golden #2: denied (1.7 s)
  A-Ignore/tuf-refused golden #3: denied (1.6 s)
  A-Ignore/tuf-refused golden #4: denied (1.6 s)
  A-Ignore/tuf-refused golden #5: denied (1.7 s)
  A-Ignore/tuf-refused unsigned #1: denied (1.8 s)
  A-Ignore/tuf-refused unsigned #2: denied (1.5 s)
  A-Ignore/tuf-refused unsigned #3: denied (1.6 s)
  A-Ignore/tuf-refused unsigned #4: denied (2.0 s)
  A-Ignore/tuf-refused unsigned #5: denied (1.7 s)
17:50:26 -- ghcr-refused
  A-Ignore/ghcr-refused golden #1: denied (0.4 s)
  A-Ignore/ghcr-refused golden #2: denied (0.3 s)
  A-Ignore/ghcr-refused golden #3: denied (0.4 s)
  A-Ignore/ghcr-refused golden #4: denied (0.4 s)
  A-Ignore/ghcr-refused golden #5: denied (0.3 s)
  A-Ignore/ghcr-refused unsigned #1: denied (0.4 s)
  A-Ignore/ghcr-refused unsigned #2: denied (0.3 s)
  A-Ignore/ghcr-refused unsigned #3: denied (0.4 s)
  A-Ignore/ghcr-refused unsigned #4: denied (0.4 s)
  A-Ignore/ghcr-refused unsigned #5: denied (0.4 s)
17:51:48 -- cdn-refused
  A-Ignore/cdn-refused golden #1: denied (1.3 s)
  A-Ignore/cdn-refused golden #2: denied (1.3 s)
  A-Ignore/cdn-refused golden #3: denied (1.0 s)
  A-Ignore/cdn-refused golden #4: denied (1.2 s)
  A-Ignore/cdn-refused golden #5: denied (1.0 s)
  A-Ignore/cdn-refused unsigned #1: denied (1.0 s)
  A-Ignore/cdn-refused unsigned #2: denied (1.0 s)
  A-Ignore/cdn-refused unsigned #3: denied (1.1 s)
  A-Ignore/cdn-refused unsigned #4: denied (1.0 s)
  A-Ignore/cdn-refused unsigned #5: denied (1.1 s)
17:53:16 -- tuf-slow
  A-Ignore/tuf-slow golden #1: denied (5.3 s)
  A-Ignore/tuf-slow golden #2: admitted (30.5 s)
  A-Ignore/tuf-slow golden #3: denied (4.2 s)
  A-Ignore/tuf-slow unsigned #1: denied (1.8 s)
  A-Ignore/tuf-slow unsigned #2: denied (8.8 s)
  A-Ignore/tuf-slow unsigned #3: denied (4.9 s)
17:55:38 -- ghcr-slow
  A-Ignore/ghcr-slow golden #1: denied (2.4 s)
  A-Ignore/ghcr-slow golden #2: denied (2.4 s)
  A-Ignore/ghcr-slow golden #3: denied (5.3 s)
  A-Ignore/ghcr-slow unsigned #1: denied (3.4 s)
  A-Ignore/ghcr-slow unsigned #2: denied (5.4 s)
  A-Ignore/ghcr-slow unsigned #3: denied (5.3 s)
17:57:47 -- scaled0
  A-Ignore/scaled0 golden #1: admitted (0.3 s)
  A-Ignore/scaled0 golden #2: admitted (0.3 s)
  A-Ignore/scaled0 golden #3: admitted (0.3 s)
  A-Ignore/scaled0 golden #4: admitted (0.5 s)
  A-Ignore/scaled0 golden #5: admitted (0.3 s)
  A-Ignore/scaled0 unsigned #1: admitted (0.3 s)
  A-Ignore/scaled0 unsigned #2: admitted (0.3 s)
  A-Ignore/scaled0 unsigned #3: admitted (0.3 s)
  A-Ignore/scaled0 unsigned #4: admitted (0.3 s)
  A-Ignore/scaled0 unsigned #5: admitted (0.3 s)
17:59:01 -- scaled0-vpol
  A-Ignore/scaled0-vpol golden #1: admitted (0.3 s)
  A-Ignore/scaled0-vpol golden #2: admitted (0.3 s)
  A-Ignore/scaled0-vpol golden #3: admitted (0.3 s)
  A-Ignore/scaled0-vpol golden #4: admitted (0.3 s)
  A-Ignore/scaled0-vpol golden #5: admitted (0.3 s)
  A-Ignore/scaled0-vpol unsigned #1: admitted (0.3 s)
  A-Ignore/scaled0-vpol unsigned #2: admitted (0.3 s)
  A-Ignore/scaled0-vpol unsigned #3: admitted (0.3 s)
  A-Ignore/scaled0-vpol unsigned #4: admitted (0.3 s)
  A-Ignore/scaled0-vpol unsigned #5: admitted (0.3 s)
18:00:25 == set B-Fail: swap to policies/r3c-split-sig.yaml
imagevalidatingpolicy.policies.kyverno.io "r3c-ign-vuln" deleted
imagevalidatingpolicy.policies.kyverno.io/r3c-split-sig created
NAME            AGE   READY
r3c-split-sig   1s    true
18:00:48 webhook failurePolicies (validating then mutating):
ivpol.validate.kyverno.svc-fail-finegrained-r3c-split-sig fp=Fail timeout=30
ivpol.mutate.kyverno.svc-fail-finegrained-r3c-split-sig fp=Fail timeout=30
18:00:49 -- control
  B-Fail/control golden #1: admitted (14.3 s)
  B-Fail/control golden #2: admitted (2.0 s)
  B-Fail/control golden #3: admitted (1.7 s)
  B-Fail/control golden #4: admitted (1.5 s)
  B-Fail/control golden #5: admitted (1.6 s)
  B-Fail/control unsigned #1: denied (4.2 s)
  B-Fail/control unsigned #2: denied (3.8 s)
  B-Fail/control unsigned #3: denied (4.2 s)
  B-Fail/control unsigned #4: denied (4.1 s)
  B-Fail/control unsigned #5: denied (4.2 s)
18:01:33 -- tuf-refused
  B-Fail/tuf-refused golden #1: denied (2.5 s)
  B-Fail/tuf-refused golden #2: denied (2.3 s)
  B-Fail/tuf-refused golden #3: denied (1.7 s)
  B-Fail/tuf-refused golden #4: denied (1.7 s)
  B-Fail/tuf-refused golden #5: denied (1.9 s)
  B-Fail/tuf-refused unsigned #1: denied (1.7 s)
  B-Fail/tuf-refused unsigned #2: denied (1.8 s)
  B-Fail/tuf-refused unsigned #3: denied (1.7 s)
  B-Fail/tuf-refused unsigned #4: denied (1.7 s)
  B-Fail/tuf-refused unsigned #5: denied (1.7 s)
18:02:41 -- ghcr-refused
  B-Fail/ghcr-refused golden #1: denied (0.4 s)
  B-Fail/ghcr-refused golden #2: denied (0.3 s)
  B-Fail/ghcr-refused golden #3: denied (0.4 s)
  B-Fail/ghcr-refused golden #4: denied (0.3 s)
  B-Fail/ghcr-refused golden #5: denied (0.4 s)
  B-Fail/ghcr-refused unsigned #1: denied (0.3 s)
  B-Fail/ghcr-refused unsigned #2: denied (0.3 s)
  B-Fail/ghcr-refused unsigned #3: denied (0.3 s)
  B-Fail/ghcr-refused unsigned #4: denied (0.3 s)
  B-Fail/ghcr-refused unsigned #5: denied (0.4 s)
18:04:07 -- cdn-refused
  B-Fail/cdn-refused golden #1: denied (1.2 s)
  B-Fail/cdn-refused golden #2: denied (1.0 s)
  B-Fail/cdn-refused golden #3: denied (1.1 s)
  B-Fail/cdn-refused golden #4: denied (1.1 s)
  B-Fail/cdn-refused golden #5: denied (1.2 s)
  B-Fail/cdn-refused unsigned #1: denied (1.0 s)
  B-Fail/cdn-refused unsigned #2: denied (1.2 s)
  B-Fail/cdn-refused unsigned #3: denied (1.1 s)
  B-Fail/cdn-refused unsigned #4: denied (1.3 s)
  B-Fail/cdn-refused unsigned #5: denied (1.1 s)
18:05:35 -- tuf-slow
  B-Fail/tuf-slow golden #1: denied (3.3 s)
  B-Fail/tuf-slow golden #2: denied (2.8 s)
  B-Fail/tuf-slow golden #3: denied (2.7 s)
  B-Fail/tuf-slow unsigned #1: denied (1.9 s)
  B-Fail/tuf-slow unsigned #2: denied (1.7 s)
  B-Fail/tuf-slow unsigned #3: denied (3.7 s)
18:07:15 -- ghcr-slow
  B-Fail/ghcr-slow golden #1: denied (3.5 s)
  B-Fail/ghcr-slow golden #2: denied (2.4 s)
  B-Fail/ghcr-slow golden #3: denied (0.3 s)
  B-Fail/ghcr-slow unsigned #1: denied (2.4 s)
  B-Fail/ghcr-slow unsigned #2: denied (3.6 s)
  B-Fail/ghcr-slow unsigned #3: denied (1.4 s)
18:09:11 -- scaled0
  B-Fail/scaled0 golden #1: admitted (0.3 s)
  B-Fail/scaled0 golden #2: admitted (0.3 s)
  B-Fail/scaled0 golden #3: admitted (0.3 s)
  B-Fail/scaled0 golden #4: admitted (0.3 s)
  B-Fail/scaled0 golden #5: admitted (0.3 s)
  B-Fail/scaled0 unsigned #1: admitted (0.3 s)
  B-Fail/scaled0 unsigned #2: admitted (0.3 s)
  B-Fail/scaled0 unsigned #3: admitted (0.3 s)
  B-Fail/scaled0 unsigned #4: admitted (0.3 s)
  B-Fail/scaled0 unsigned #5: admitted (0.3 s)
18:10:20 == set B-Ignore: swap to policies/r3c-ign-sig.yaml
imagevalidatingpolicy.policies.kyverno.io "r3c-split-sig" deleted
imagevalidatingpolicy.policies.kyverno.io/r3c-ign-sig created
NAME          AGE   READY
r3c-ign-sig   1s    true
18:10:42 webhook failurePolicies (validating then mutating):
ivpol.validate.kyverno.svc-ignore-finegrained-r3c-ign-sig fp=Ignore timeout=30
ivpol.mutate.kyverno.svc-ignore-finegrained-r3c-ign-sig fp=Ignore timeout=30
18:10:43 -- control
  B-Ignore/control golden #1: admitted (13.9 s)
  B-Ignore/control golden #2: admitted (1.8 s)
  B-Ignore/control golden #3: admitted (1.6 s)
  B-Ignore/control golden #4: admitted (1.8 s)
  B-Ignore/control golden #5: admitted (1.8 s)
  B-Ignore/control unsigned #1: denied (4.3 s)
  B-Ignore/control unsigned #2: denied (3.9 s)
  B-Ignore/control unsigned #3: denied (4.1 s)
  B-Ignore/control unsigned #4: denied (3.9 s)
  B-Ignore/control unsigned #5: denied (4.3 s)
18:11:27 -- tuf-refused
  B-Ignore/tuf-refused golden #1: denied (2.1 s)
  B-Ignore/tuf-refused golden #2: denied (1.8 s)
  B-Ignore/tuf-refused golden #3: denied (1.6 s)
  B-Ignore/tuf-refused golden #4: denied (1.6 s)
  B-Ignore/tuf-refused golden #5: denied (1.8 s)
  B-Ignore/tuf-refused unsigned #1: denied (1.9 s)
  B-Ignore/tuf-refused unsigned #2: denied (1.8 s)
  B-Ignore/tuf-refused unsigned #3: denied (1.7 s)
  B-Ignore/tuf-refused unsigned #4: denied (1.6 s)
  B-Ignore/tuf-refused unsigned #5: denied (1.8 s)
18:12:36 -- ghcr-refused
  B-Ignore/ghcr-refused golden #1: denied (0.3 s)
  B-Ignore/ghcr-refused golden #2: denied (0.3 s)
  B-Ignore/ghcr-refused golden #3: denied (0.3 s)
  B-Ignore/ghcr-refused golden #4: denied (0.3 s)
  B-Ignore/ghcr-refused golden #5: denied (0.4 s)
  B-Ignore/ghcr-refused unsigned #1: denied (0.3 s)
  B-Ignore/ghcr-refused unsigned #2: denied (0.3 s)
  B-Ignore/ghcr-refused unsigned #3: denied (0.3 s)
  B-Ignore/ghcr-refused unsigned #4: denied (0.3 s)
  B-Ignore/ghcr-refused unsigned #5: denied (0.3 s)
18:14:01 -- cdn-refused
  B-Ignore/cdn-refused golden #1: denied (1.9 s)
  B-Ignore/cdn-refused golden #2: denied (1.2 s)
  B-Ignore/cdn-refused golden #3: denied (1.3 s)
  B-Ignore/cdn-refused golden #4: denied (1.1 s)
  B-Ignore/cdn-refused golden #5: denied (1.3 s)
  B-Ignore/cdn-refused unsigned #1: denied (1.1 s)
  B-Ignore/cdn-refused unsigned #2: denied (1.0 s)
  B-Ignore/cdn-refused unsigned #3: denied (1.2 s)
  B-Ignore/cdn-refused unsigned #4: denied (1.1 s)
  B-Ignore/cdn-refused unsigned #5: denied (1.2 s)
18:15:36 -- tuf-slow
  B-Ignore/tuf-slow golden #1: denied (2.2 s)
  B-Ignore/tuf-slow golden #2: denied (1.7 s)
  B-Ignore/tuf-slow golden #3: denied (1.8 s)
  B-Ignore/tuf-slow unsigned #1: admitted (30.3 s)
  B-Ignore/tuf-slow unsigned #2: denied (21.5 s)
  B-Ignore/tuf-slow unsigned #3: denied (21.2 s)
18:18:11 -- ghcr-slow
  B-Ignore/ghcr-slow golden #1: denied (1.4 s)
  B-Ignore/ghcr-slow golden #2: denied (2.4 s)
  B-Ignore/ghcr-slow golden #3: denied (5.3 s)
  B-Ignore/ghcr-slow unsigned #1: denied (5.3 s)
  B-Ignore/ghcr-slow unsigned #2: denied (1.4 s)
  B-Ignore/ghcr-slow unsigned #3: denied (0.3 s)
18:20:23 -- scaled0
  B-Ignore/scaled0 golden #1: admitted (0.3 s)
  B-Ignore/scaled0 golden #2: admitted (0.3 s)
  B-Ignore/scaled0 golden #3: admitted (0.3 s)
  B-Ignore/scaled0 golden #4: admitted (0.3 s)
  B-Ignore/scaled0 golden #5: admitted (0.3 s)
  B-Ignore/scaled0 unsigned #1: admitted (0.3 s)
  B-Ignore/scaled0 unsigned #2: admitted (0.3 s)
  B-Ignore/scaled0 unsigned #3: admitted (0.3 s)
  B-Ignore/scaled0 unsigned #4: admitted (0.3 s)
  B-Ignore/scaled0 unsigned #5: admitted (0.3 s)
18:21:35 == item 3 done
18:21:35 cleanup: restoring
NAME                     AGE   READY
r3-verify-forge-images   0s    true
NAME                                                               AGE   READY
imagevalidatingpolicy.policies.kyverno.io/r3-verify-forge-images   31s   true

NAME                                                         AGE   READY
validatingpolicy.policies.kyverno.io/p3-deny-test-label      10s   true
validatingpolicy.policies.kyverno.io/r1-registry-allowlist   10s   true
