# round 13 delay 0s io=7.42 client-output:
Error from server: error when creating "tests/r1-t2-golden-ghcr.yaml": admission webhook "ivpol.validate.kyverno.svc-fail-finegrained-r3-verify-forge-images" denied the request: Policy r3-verify-forge-images failed: no valid signature from the forge-spike-r1 signing workflow for: ghcr.io/taha7486/forge-spike-r1@sha256:f5eb8b57a454ab073acb0cea7d6bedfb27d37f48a327ecd65fdb7d9ea5c7c7d5
# controller log:
Defaulted container "kyverno" out of: kyverno, kyverno-pre (init)
2026-10-08T12:12:09Z TRC github.com/kyverno/kyverno/pkg/version/version.go:49 > version hash=40ec788d48bb28d83dbf85538e962a59db9d45c6 logger=setup/version v=2 version=v1.19.1
2026-10-08T12:12:09Z TRC github.com/kyverno/kyverno/cmd/internal/flag.go:335 > add_dir_header=false logger=setup/flag v=2
2026-10-08T12:12:09Z TRC github.com/kyverno/kyverno/cmd/internal/flag.go:335 > admissionReports=true logger=setup/flag v=2
2026-10-08T12:12:09Z TRC github.com/kyverno/kyverno/cmd/internal/flag.go:335 > allowHTTPInNamespacedPolicies= logger=setup/flag v=2
2026-10-08T12:12:09Z TRC github.com/kyverno/kyverno/cmd/internal/flag.go:335 > allowInsecureRegistry=false logger=setup/flag v=2
2026-10-08T12:12:09Z TRC github.com/kyverno/kyverno/cmd/internal/flag.go:335 > allowedResults=pass,fail,error,warn,skip logger=setup/flag v=2
2026-10-08T12:12:09Z TRC github.com/kyverno/kyverno/cmd/internal/flag.go:335 > alsologtostderr=false logger=setup/flag v=2
2026-10-08T12:12:09Z TRC github.com/kyverno/kyverno/cmd/internal/flag.go:335 > alsologtostderrthreshold=0 logger=setup/flag v=2
2026-10-08T12:12:09Z TRC github.com/kyverno/kyverno/cmd/internal/flag.go:335 > apiCallTimeout=30s logger=setup/flag v=2
2026-10-08T12:12:09Z TRC github.com/kyverno/kyverno/cmd/internal/flag.go:335 > autoMemLimitEnabled=true logger=setup/flag v=2
2026-10-08T12:12:09Z TRC github.com/kyverno/kyverno/cmd/internal/flag.go:335 > autoMemLimitRatio=0.9 logger=setup/flag v=2
2026-10-08T12:12:09Z TRC github.com/kyverno/kyverno/cmd/internal/flag.go:335 > autoUpdateWebhooks=true logger=setup/flag v=2
2026-10-08T12:12:09Z TRC github.com/kyverno/kyverno/cmd/internal/flag.go:335 > backgroundServiceAccountName=system:serviceaccount:kyverno:kyverno-background-controller logger=setup/flag v=2
2026-10-08T12:12:09Z TRC github.com/kyverno/kyverno/cmd/internal/flag.go:335 > caSecretName=kyverno-svc.kyverno.svc.kyverno-tls-ca logger=setup/flag v=2
2026-10-08T12:12:09Z TRC github.com/kyverno/kyverno/cmd/internal/flag.go:335 > cleanupServerHost= logger=setup/flag v=2
2026-10-08T12:12:09Z TRC github.com/kyverno/kyverno/cmd/internal/flag.go:335 > cleanupServerPort=9443 logger=setup/flag v=2
2026-10-08T12:12:09Z TRC github.com/kyverno/kyverno/cmd/internal/flag.go:335 > clientRateLimitBurst=200 logger=setup/flag v=2
2026-10-08T12:12:09Z TRC github.com/kyverno/kyverno/cmd/internal/flag.go:335 > clientRateLimitQPS=100 logger=setup/flag v=2
2026-10-08T12:12:09Z TRC github.com/kyverno/kyverno/cmd/internal/flag.go:335 > controllerRuntimeMetricsAddress=:8080 logger=setup/flag v=2
2026-10-08T12:12:09Z TRC github.com/kyverno/kyverno/cmd/internal/flag.go:335 > crdWatcher=false logger=setup/flag v=2
2026-10-08T12:12:09Z TRC github.com/kyverno/kyverno/cmd/internal/flag.go:335 > disableCertManagerController=false logger=setup/flag v=2
2026-10-08T12:12:09Z TRC github.com/kyverno/kyverno/cmd/internal/flag.go:335 > disableLogColor=false logger=setup/flag v=2
2026-10-08T12:12:09Z TRC github.com/kyverno/kyverno/cmd/internal/flag.go:335 > disableMetrics=false logger=setup/flag v=2
2026-10-08T12:12:09Z TRC github.com/kyverno/kyverno/cmd/internal/flag.go:335 > dumpPatches= logger=setup/flag v=2
2026-10-08T12:12:09Z TRC github.com/kyverno/kyverno/cmd/internal/flag.go:335 > dumpPayload=false logger=setup/flag v=2
2026-10-08T12:12:09Z TRC github.com/kyverno/kyverno/cmd/internal/flag.go:335 > enableConfigMapCaching=true logger=setup/flag v=2
2026-10-08T12:12:09Z TRC github.com/kyverno/kyverno/cmd/internal/flag.go:335 > enableCosignLogging=false logger=setup/flag v=2
2026-10-08T12:12:09Z TRC github.com/kyverno/kyverno/cmd/internal/flag.go:335 > enableDeferredLoading= logger=setup/flag v=2
2026-10-08T12:12:09Z TRC github.com/kyverno/kyverno/cmd/internal/flag.go:335 > enablePolicyException=false logger=setup/flag v=2
2026-10-08T12:12:09Z TRC github.com/kyverno/kyverno/cmd/internal/flag.go:335 > enableReporting=validate,mutate,mutateExisting,imageVerify,generate logger=setup/flag v=2
2026-10-08T12:12:09Z TRC github.com/kyverno/kyverno/cmd/internal/flag.go:335 > enableTracing=false logger=setup/flag v=2
2026-10-08T12:12:09Z TRC github.com/kyverno/kyverno/cmd/internal/flag.go:335 > enableTuf=false logger=setup/flag v=2
2026-10-08T12:12:09Z TRC github.com/kyverno/kyverno/cmd/internal/flag.go:335 > eventsRateLimitBurst=2000 logger=setup/flag v=2
2026-10-08T12:12:09Z TRC github.com/kyverno/kyverno/cmd/internal/flag.go:335 > eventsRateLimitQPS=1000 logger=setup/flag v=2
2026-10-08T12:12:09Z TRC github.com/kyverno/kyverno/cmd/internal/flag.go:335 > exceptionNamespace= logger=setup/flag v=2
2026-10-08T12:12:09Z TRC github.com/kyverno/kyverno/cmd/internal/flag.go:335 > excludeBootstrapResources=false logger=setup/flag v=2
2026-10-08T12:12:09Z TRC github.com/kyverno/kyverno/cmd/internal/flag.go:335 > exemplarFilter=trace-based logger=setup/flag v=2
2026-10-08T12:12:09Z TRC github.com/kyverno/kyverno/cmd/internal/flag.go:335 > forceFailurePolicyIgnore= logger=setup/flag v=2
2026-10-08T12:12:09Z TRC github.com/kyverno/kyverno/cmd/internal/flag.go:335 > generateMutatingAdmissionPolicy= logger=setup/flag v=2
2026-10-08T12:12:09Z TRC github.com/kyverno/kyverno/cmd/internal/flag.go:335 > generateValidatingAdmissionPolicy= logger=setup/flag v=2
2026-10-08T12:12:09Z TRC github.com/kyverno/kyverno/cmd/internal/flag.go:335 > httpAllowlist= logger=setup/flag v=2
2026-10-08T12:12:09Z TRC github.com/kyverno/kyverno/cmd/internal/flag.go:335 > httpBlocklist= logger=setup/flag v=2
2026-10-08T12:12:09Z TRC github.com/kyverno/kyverno/cmd/internal/flag.go:335 > imagePullSecrets= logger=setup/flag v=2
2026-10-08T12:12:09Z TRC github.com/kyverno/kyverno/cmd/internal/flag.go:335 > imageVerifyCacheEnabled=true logger=setup/flag v=2
2026-10-08T12:12:09Z TRC github.com/kyverno/kyverno/cmd/internal/flag.go:335 > imageVerifyCacheMaxSize=1000 logger=setup/flag v=2
2026-10-08T12:12:09Z TRC github.com/kyverno/kyverno/cmd/internal/flag.go:335 > imageVerifyCacheTTLDuration=1h0m0s logger=setup/flag v=2
2026-10-08T12:12:09Z TRC github.com/kyverno/kyverno/cmd/internal/flag.go:335 > kubeconfig= logger=setup/flag v=2
2026-10-08T12:12:09Z TRC github.com/kyverno/kyverno/cmd/internal/flag.go:335 > leaderElectionRetryPeriod=2s logger=setup/flag v=2
2026-10-08T12:12:09Z TRC github.com/kyverno/kyverno/cmd/internal/flag.go:335 > legacy_stderr_threshold_behavior=true logger=setup/flag v=2
2026-10-08T12:12:09Z TRC github.com/kyverno/kyverno/cmd/internal/flag.go:335 > log_backtrace_at=:0 logger=setup/flag v=2
2026-10-08T12:12:09Z TRC github.com/kyverno/kyverno/cmd/internal/flag.go:335 > log_dir= logger=setup/flag v=2
2026-10-08T12:12:09Z TRC github.com/kyverno/kyverno/cmd/internal/flag.go:335 > log_file= logger=setup/flag v=2
2026-10-08T12:12:09Z TRC github.com/kyverno/kyverno/cmd/internal/flag.go:335 > log_file_max_size=1800 logger=setup/flag v=2
2026-10-08T12:12:09Z TRC github.com/kyverno/kyverno/cmd/internal/flag.go:335 > logger=setup/flag loggingFormat=text v=2
2026-10-08T12:12:09Z TRC github.com/kyverno/kyverno/cmd/internal/flag.go:335 > logger=setup/flag loggingtsFormat=default v=2
2026-10-08T12:12:09Z TRC github.com/kyverno/kyverno/cmd/internal/flag.go:335 > logger=setup/flag logtostderr=true v=2
2026-10-08T12:12:09Z TRC github.com/kyverno/kyverno/cmd/internal/flag.go:335 > logger=setup/flag maxAPICallResponseLength=2000000 v=2
2026-10-08T12:12:09Z TRC github.com/kyverno/kyverno/cmd/internal/flag.go:335 > logger=setup/flag maxAdmissionReports=1000 v=2
2026-10-08T12:12:09Z TRC github.com/kyverno/kyverno/cmd/internal/flag.go:335 > logger=setup/flag maxAuditCapacity=1000 v=2
2026-10-08T12:12:09Z TRC github.com/kyverno/kyverno/cmd/internal/flag.go:335 > logger=setup/flag maxAuditWorkers=8 v=2
2026-10-08T12:12:09Z TRC github.com/kyverno/kyverno/cmd/internal/flag.go:335 > logger=setup/flag maxGlobalContextEntries=0 v=2
2026-10-08T12:12:09Z TRC github.com/kyverno/kyverno/cmd/internal/flag.go:335 > logger=setup/flag maxQueuedEvents=1000 v=2
2026-10-08T12:12:09Z TRC github.com/kyverno/kyverno/cmd/internal/flag.go:335 > logger=setup/flag metricsCASecretName= v=2
2026-10-08T12:12:09Z TRC github.com/kyverno/kyverno/cmd/internal/flag.go:335 > logger=setup/flag metricsHost= v=2
2026-10-08T12:12:09Z TRC github.com/kyverno/kyverno/cmd/internal/flag.go:335 > logger=setup/flag metricsKeyAlgorithm=RSA v=2
2026-10-08T12:12:09Z TRC github.com/kyverno/kyverno/cmd/internal/flag.go:335 > logger=setup/flag metricsPort=8000 v=2
2026-10-08T12:12:09Z TRC github.com/kyverno/kyverno/cmd/internal/flag.go:335 > logger=setup/flag metricsRenewBefore=360h0m0s v=2
2026-10-08T12:12:09Z TRC github.com/kyverno/kyverno/cmd/internal/flag.go:335 > logger=setup/flag metricsServerIP= v=2
2026-10-08T12:12:09Z TRC github.com/kyverno/kyverno/cmd/internal/flag.go:335 > logger=setup/flag metricsTLSSecretName= v=2
2026-10-08T12:12:09Z TRC github.com/kyverno/kyverno/cmd/internal/flag.go:335 > logger=setup/flag omitEvents=PolicyApplied,PolicySkipped v=2
2026-10-08T12:12:09Z TRC github.com/kyverno/kyverno/cmd/internal/flag.go:335 > logger=setup/flag one_output=false v=2
2026-10-08T12:12:09Z TRC github.com/kyverno/kyverno/cmd/internal/flag.go:335 > logger=setup/flag otelCollector=opentelemetrycollector.kyverno.svc.cluster.local v=2
2026-10-08T12:12:09Z TRC github.com/kyverno/kyverno/cmd/internal/flag.go:335 > logger=setup/flag otelConfig=prometheus v=2
2026-10-08T12:12:09Z TRC github.com/kyverno/kyverno/cmd/internal/flag.go:335 > logger=setup/flag profile=false v=2
2026-10-08T12:12:09Z TRC github.com/kyverno/kyverno/cmd/internal/flag.go:335 > logger=setup/flag profileAddress= v=2
2026-10-08T12:12:09Z TRC github.com/kyverno/kyverno/cmd/internal/flag.go:335 > logger=setup/flag profilePort=6060 v=2
2026-10-08T12:12:09Z TRC github.com/kyverno/kyverno/cmd/internal/flag.go:335 > logger=setup/flag protectManagedResources= v=2
2026-10-08T12:12:09Z TRC github.com/kyverno/kyverno/cmd/internal/flag.go:335 > logger=setup/flag registryCredentialHelpers=default,google,amazon,azure,github v=2
2026-10-08T12:12:09Z TRC github.com/kyverno/kyverno/cmd/internal/flag.go:335 > logger=setup/flag renewBefore=360h0m0s v=2
2026-10-08T12:12:09Z TRC github.com/kyverno/kyverno/cmd/internal/flag.go:335 > logger=setup/flag reportsServiceAccountName=system:serviceaccount:kyverno:kyverno-reports-controller v=2
2026-10-08T12:12:09Z TRC github.com/kyverno/kyverno/cmd/internal/flag.go:335 > logger=setup/flag resyncPeriod=15m0s v=2
2026-10-08T12:12:09Z TRC github.com/kyverno/kyverno/cmd/internal/flag.go:335 > logger=setup/flag serverIP= v=2
2026-10-08T12:12:09Z TRC github.com/kyverno/kyverno/cmd/internal/flag.go:335 > logger=setup/flag servicePort=443 v=2
2026-10-08T12:12:09Z TRC github.com/kyverno/kyverno/cmd/internal/flag.go:335 > logger=setup/flag skip_headers=false v=2
2026-10-08T12:12:09Z TRC github.com/kyverno/kyverno/cmd/internal/flag.go:335 > logger=setup/flag skip_log_headers=false v=2
2026-10-08T12:12:09Z TRC github.com/kyverno/kyverno/cmd/internal/flag.go:335 > logger=setup/flag stderrthreshold=2 v=2
2026-10-08T12:12:09Z TRC github.com/kyverno/kyverno/cmd/internal/flag.go:335 > logger=setup/flag tlsKeyAlgorithm=RSA v=2
2026-10-08T12:12:09Z TRC github.com/kyverno/kyverno/cmd/internal/flag.go:335 > logger=setup/flag tlsSecretName=kyverno-svc.kyverno.svc.kyverno-tls-pair v=2
2026-10-08T12:12:09Z TRC github.com/kyverno/kyverno/cmd/internal/flag.go:335 > logger=setup/flag tracingAddress= v=2
2026-10-08T12:12:09Z TRC github.com/kyverno/kyverno/cmd/internal/flag.go:335 > logger=setup/flag tracingCreds= v=2
2026-10-08T12:12:09Z TRC github.com/kyverno/kyverno/cmd/internal/flag.go:335 > logger=setup/flag tracingPort=4317 v=2
2026-10-08T12:12:09Z TRC github.com/kyverno/kyverno/cmd/internal/flag.go:335 > logger=setup/flag transportCreds= v=2
2026-10-08T12:12:09Z TRC github.com/kyverno/kyverno/cmd/internal/flag.go:335 > logger=setup/flag tufMirror=https://tuf-repo-cdn.sigstore.dev v=2
2026-10-08T12:12:09Z TRC github.com/kyverno/kyverno/cmd/internal/flag.go:335 > logger=setup/flag tufRoot= v=2
2026-10-08T12:12:09Z TRC github.com/kyverno/kyverno/cmd/internal/flag.go:335 > logger=setup/flag tufRootRaw= v=2
2026-10-08T12:12:09Z TRC github.com/kyverno/kyverno/cmd/internal/flag.go:335 > logger=setup/flag v=2
2026-10-08T12:12:09Z TRC github.com/kyverno/kyverno/cmd/internal/flag.go:335 > logger=setup/flag v=2 vmodule=
2026-10-08T12:12:09Z TRC github.com/kyverno/kyverno/cmd/internal/flag.go:335 > logger=setup/flag v=2 webhookRegistrationTimeout=2m0s
2026-10-08T12:12:09Z TRC github.com/kyverno/kyverno/cmd/internal/flag.go:335 > logger=setup/flag v=2 webhookServerHost=
2026-10-08T12:12:09Z TRC github.com/kyverno/kyverno/cmd/internal/flag.go:335 > logger=setup/flag v=2 webhookServerPort=9443
2026-10-08T12:12:09Z TRC github.com/kyverno/kyverno/cmd/internal/flag.go:335 > logger=setup/flag v=2 webhookTimeout=10
2026-10-08T12:12:09Z TRC github.com/kyverno/kyverno/cmd/internal/maxprocs.go:12 > setup maxprocs... logger=setup/maxprocs v=2
2026-10-08T12:12:09Z TRC github.com/kyverno/kyverno/cmd/internal/memlimit.go:13 > setup memlimit... logger=setup/memlimit ratio=0.9 v=2
2026-10-08T12:12:09Z TRC github.com/kyverno/kyverno/cmd/internal/signal.go:16 > setup signals... logger=setup/signals v=2
2026-10-08T12:12:09Z TRC github.com/kyverno/kyverno/cmd/internal/client.go:44 > create kube client... burst=200 kubeconfig= logger=setup/kube-client qps=100 v=2
2026-10-08T12:12:09Z DBG k8s.io/client-go@v0.36.3/features/envvar.go:195 > Feature gate default state enabled=true feature=InOrderInformersBatchProcess logger=klog v=1
2026-10-08T12:12:09Z DBG k8s.io/client-go@v0.36.3/features/envvar.go:195 > Feature gate default state enabled=true feature=ClientsAllowCARotation logger=klog v=1
2026-10-08T12:12:09Z DBG k8s.io/client-go@v0.36.3/features/envvar.go:195 > Feature gate default state enabled=true feature=UnlockWhileProcessingFIFO logger=klog v=1
2026-10-08T12:12:09Z DBG k8s.io/client-go@v0.36.3/features/envvar.go:195 > Feature gate default state enabled=true feature=InOrderInformers logger=klog v=1
2026-10-08T12:12:09Z DBG k8s.io/client-go@v0.36.3/features/envvar.go:195 > Feature gate default state enabled=true feature=AtomicFIFO logger=klog v=1
2026-10-08T12:12:09Z DBG k8s.io/client-go@v0.36.3/features/envvar.go:195 > Feature gate default state enabled=false feature=ClientsAllowCBOR logger=klog v=1
2026-10-08T12:12:09Z DBG k8s.io/client-go@v0.36.3/features/envvar.go:195 > Feature gate default state enabled=false feature=ClientsPreferCBOR logger=klog v=1
2026-10-08T12:12:09Z DBG k8s.io/client-go@v0.36.3/features/envvar.go:195 > Feature gate default state enabled=true feature=InformerResourceVersion logger=klog v=1
2026-10-08T12:12:09Z DBG k8s.io/client-go@v0.36.3/features/envvar.go:195 > Feature gate default state enabled=true feature=WatchListClient logger=klog v=1
2026-10-08T12:12:09Z DBG k8s.io/client-go@v0.36.3/features/envvar.go:195 > Feature gate default state enabled=true feature=ClientsAllowTLSCacheGC logger=klog v=1
2026-10-08T12:12:09Z TRC github.com/kyverno/kyverno/cmd/internal/configmap.go:36 > create metrics-config-controller... logger=setup/metrics-config-controller v=2
2026-10-08T12:12:09Z TRC k8s.io/client-go@v0.36.3/tools/cache/reflector.go:507 > Caches populated logger=klog reflector=k8s.io/client-go@v0.36.3/tools/cache/reflector.go:343 type=*v1.ConfigMap v=2
2026-10-08T12:12:09Z TRC github.com/kyverno/kyverno/cmd/internal/configmap.go:52 > done creating metrics-config-controller logger=setup/metrics-config-controller v=2
2026-10-08T12:12:09Z TRC github.com/kyverno/kyverno/cmd/internal/metrics.go:27 > setup metrics... collector=opentelemetrycollector.kyverno.svc.cluster.local creds= exemplarFilter=trace-based logger=setup/metrics otel=prometheus port=8000 tlsSecretName= v=2
2026-10-08T12:12:09Z TRC github.com/kyverno/kyverno/cmd/internal/configmap.go:15 > create config-controller... logger=setup/config-controller v=2
2026-10-08T12:12:09Z INF github.com/kyverno/kyverno/cmd/internal/metrics.go:159 > Starting HTTP metrics server address=[]:8000 logger=setup/metrics v=0
2026-10-08T12:12:09Z TRC k8s.io/client-go@v0.36.3/tools/cache/reflector.go:507 > Caches populated logger=klog reflector=k8s.io/client-go@v0.36.3/tools/cache/reflector.go:343 type=*v1.ConfigMap v=2
2026-10-08T12:12:10Z TRC github.com/kyverno/kyverno/pkg/config/config.go:433 > defaultRegistry configured defaultRegistry=docker.io logger=config name=kyverno namespace=kyverno v=2
2026-10-08T12:12:10Z TRC github.com/kyverno/kyverno/pkg/config/config.go:449 > enableDefaultRegistryMutation configured enableDefaultRegistryMutation=true logger=config name=kyverno namespace=kyverno v=2
2026-10-08T12:12:10Z TRC github.com/kyverno/kyverno/pkg/config/config.go:458 > excludedGroups configured excludeGroups=["system:nodes"] includeGroups=[] logger=config name=kyverno namespace=kyverno v=2
2026-10-08T12:12:10Z TRC github.com/kyverno/kyverno/pkg/config/config.go:463 > excludeUsernames not set logger=config name=kyverno namespace=kyverno v=2
2026-10-08T12:12:10Z TRC github.com/kyverno/kyverno/pkg/config/config.go:471 > excludeRoles not set logger=config name=kyverno namespace=kyverno v=2
2026-10-08T12:12:10Z TRC github.com/kyverno/kyverno/pkg/config/config.go:479 > excludeClusterRoles not set logger=config name=kyverno namespace=kyverno v=2
2026-10-08T12:12:10Z TRC github.com/kyverno/kyverno/pkg/config/config.go:495 > generateSuccessEvents configured generateSuccessEvents=false logger=config name=kyverno namespace=kyverno v=2
2026-10-08T12:12:10Z TRC github.com/kyverno/kyverno/pkg/config/config.go:501 > successEventActions not set logger=config name=kyverno namespace=kyverno v=2
2026-10-08T12:12:10Z TRC github.com/kyverno/kyverno/pkg/config/config.go:525 > webhooks configured logger=config name=kyverno namespace=kyverno v=2 webhooks="{\"namespaceSelector\":{\"matchExpressions\":[{\"key\":\"kubernetes.io/metadata.name\",\"operator\":\"NotIn\",\"values\":[\"kube-system\"]},{\"key\":\"kubernetes.io/metadata.name\",\"operator\":\"NotIn\",\"values\":[\"kyverno\"]}],\"matchLabels\":null}}"
2026-10-08T12:12:10Z TRC github.com/kyverno/kyverno/pkg/config/config.go:539 > webhookAnnotations configured logger=config name=kyverno namespace=kyverno v=2 webhookAnnotations="{\"admissions.enforcer/disabled\":\"true\"}"
2026-10-08T12:12:10Z TRC github.com/kyverno/kyverno/pkg/config/config.go:545 > webhookLabels not set logger=config name=kyverno namespace=kyverno v=2
2026-10-08T12:12:10Z TRC github.com/kyverno/kyverno/pkg/config/config.go:559 > matchConditions not set logger=config name=kyverno namespace=kyverno v=2
2026-10-08T12:12:10Z TRC github.com/kyverno/kyverno/pkg/config/config.go:580 > enableDefaultRegistryMutation configured enableDefaultRegistryMutation=true logger=config name=kyverno namespace=kyverno v=2
2026-10-08T12:12:10Z TRC github.com/kyverno/kyverno/pkg/config/config.go:595 > maxContextSize not set, using default default=2097152 logger=config name=kyverno namespace=kyverno v=2
2026-10-08T12:12:10Z TRC github.com/kyverno/kyverno/cmd/internal/configmap.go:31 > done creating config-controller logger=setup/config-controller v=2
2026-10-08T12:12:10Z TRC github.com/kyverno/kyverno/cmd/internal/registry.go:18 > setup registry client... insecure=false logger=setup/registry-client secrets= v=2
2026-10-08T12:12:10Z TRC k8s.io/client-go@v0.36.3/tools/cache/reflector.go:507 > Caches populated logger=klog reflector=k8s.io/client-go@v0.36.3/tools/cache/reflector.go:343 type=*v1.Secret v=2
2026-10-08T12:12:10Z TRC github.com/kyverno/kyverno/cmd/internal/imageverifycache.go:10 > setup image verify cache... enabled=true logger=setup/image-verify-cache maxsize=1000 ttl=1h0m0s v=2
2026-10-08T12:12:10Z TRC github.com/kyverno/kyverno/cmd/internal/client.go:44 > create kube client... burst=200 kubeconfig= logger=setup/kube-client qps=100 v=2
2026-10-08T12:12:10Z TRC github.com/kyverno/kyverno/cmd/internal/client.go:60 > create kyverno client... burst=200 kubeconfig= logger=setup/kyverno-client qps=100 v=2
2026-10-08T12:12:10Z TRC github.com/kyverno/kyverno/cmd/internal/client.go:68 > create dynamic client... burst=200 kubeconfig= logger=setup/dynamic-client qps=100 v=2
2026-10-08T12:12:10Z TRC github.com/kyverno/kyverno/cmd/internal/client.go:84 > create apiserver client... burst=200 kubeconfig= logger=setup/apiserver-client qps=100 v=2
2026-10-08T12:12:10Z TRC github.com/kyverno/kyverno/cmd/internal/client.go:76 > create metadata client... burst=200 kubeconfig= logger=setup/metadata-client qps=100 v=2
2026-10-08T12:12:10Z TRC github.com/kyverno/kyverno/cmd/internal/client.go:92 > create the kyverno dynamic client... burst=200 kubeconfig= logger=setup/d-client qps=100 v=2
2026-10-08T12:12:10Z TRC github.com/kyverno/kyverno/cmd/internal/client.go:100 > create the events client... burst=200 kubeconfig= logger=setup/events-client qps=100 v=2
2026-10-08T12:12:10Z TRC github.com/kyverno/kyverno/cmd/internal/client.go:44 > create kube client... burst=200 kubeconfig= logger=setup/events-client/kube-client qps=100 v=2
2026-10-08T12:12:10Z TRC github.com/kyverno/kyverno/cmd/internal/reporting.go:13 > setting up reporting... enableReporting=validate,mutate,mutateExisting,imageVerify,generate generate=true imageVerify=true logger=setup/setup-reporting mutate=true mutateExisiting=true v=2 validate=true
2026-10-08T12:12:10Z TRC k8s.io/client-go@v0.36.3/tools/cache/reflector.go:507 > Caches populated logger=klog reflector=k8s.io/client-go@v0.36.3/tools/cache/reflector.go:343 type=*v1.Secret v=2
2026-10-08T12:12:10Z TRC k8s.io/client-go@v0.36.3/tools/cache/reflector.go:507 > Caches populated logger=klog reflector=k8s.io/client-go@v0.36.3/tools/cache/reflector.go:343 type=*v1.Secret v=2
2026-10-08T12:12:10Z TRC k8s.io/client-go@v0.36.3/tools/cache/reflector.go:507 > Caches populated logger=klog reflector=k8s.io/client-go@v0.36.3/tools/cache/reflector.go:343 type=*v1.Deployment v=2
2026-10-08T12:12:10Z TRC github.com/kyverno/kyverno/cmd/internal/engine.go:62 > setup exception selector... enablePolicyException=false exceptionNamespace= logger=setup/exception-selector v=2
2026-10-08T12:12:10Z TRC github.com/kyverno/kyverno/cmd/internal/engine.go:91 > setup config map resolver... enableConfigMapCaching=true logger=setup/configmap-resolver v=2
2026-10-08T12:12:10Z TRC github.com/kyverno/kyverno/cmd/internal/engine.go:44 > setup engine... logger=setup/engine v=2
2026-10-08T12:12:10Z TRC k8s.io/client-go@v0.36.3/tools/cache/reflector.go:507 > Caches populated logger=klog reflector=k8s.io/client-go@v0.36.3/tools/cache/reflector.go:343 type=*v1.ConfigMap v=2
2026-10-08T12:12:10Z INF k8s.io/client-go@v0.36.3/rest/warnings.go:107 > Warning: kyverno.io/v1 ClusterPolicy is deprecated and will be removed in a future release; migrate to ValidatingPolicy, MutatingPolicy, GeneratingPolicy or ImageValidatingPolicy (policies.kyverno.io), see https://kyverno.io/docs/guides/migration-to-cel/ logger=klog v=0
2026-10-08T12:12:10Z TRC k8s.io/client-go@v0.36.3/tools/cache/reflector.go:507 > Caches populated logger=klog reflector=k8s.io/client-go@v0.36.3/tools/cache/reflector.go:343 type=*v1.ClusterPolicy v=2
2026-10-08T12:12:10Z INF k8s.io/client-go@v0.36.3/rest/warnings.go:107 > Warning: kyverno.io/v1 Policy is deprecated and will be removed in a future release; migrate to NamespacedValidatingPolicy and the other namespaced policy types (policies.kyverno.io), see https://kyverno.io/docs/guides/migration-to-cel/ logger=klog v=0
2026-10-08T12:12:10Z TRC k8s.io/client-go@v0.36.3/tools/cache/reflector.go:507 > Caches populated logger=klog reflector=k8s.io/client-go@v0.36.3/tools/cache/reflector.go:343 type=*v2.UpdateRequest v=2
2026-10-08T12:12:10Z TRC k8s.io/client-go@v0.36.3/tools/cache/reflector.go:507 > Caches populated logger=klog reflector=k8s.io/client-go@v0.36.3/tools/cache/reflector.go:343 type=*v1.Policy v=2
2026-10-08T12:12:10Z TRC k8s.io/client-go@v0.36.3/tools/cache/reflector.go:507 > Caches populated logger=klog reflector=k8s.io/client-go@v0.36.3/tools/cache/reflector.go:343 type=*v2beta1.GlobalContextEntry v=2
2026-10-08T12:12:10Z TRC k8s.io/client-go@v0.36.3/tools/cache/reflector.go:507 > Caches populated logger=klog reflector=k8s.io/client-go@v0.36.3/tools/cache/reflector.go:343 type=*v1.Deployment v=2
2026-10-08T12:12:10Z INF sigs.k8s.io/controller-runtime@v0.24.1/pkg/metrics/server/server.go:208 > Starting metrics server logger=controller-runtime/metrics v=0
2026-10-08T12:12:10Z INF sigs.k8s.io/controller-runtime@v0.24.1/pkg/metrics/server/server.go:247 > Serving metrics server bindAddress=:8080 logger=controller-runtime/metrics secure=false v=0
2026-10-08T12:12:10Z INF sigs.k8s.io/controller-runtime@v0.24.1/pkg/internal/controller/controller.go:369 > Starting EventSource controller=mutatingpolicy controllerGroup=policies.kyverno.io controllerKind=MutatingPolicy source="kind source: *v1beta1.MutatingPolicy" v=0
2026-10-08T12:12:10Z INF sigs.k8s.io/controller-runtime@v0.24.1/pkg/internal/controller/controller.go:369 > Starting EventSource controller=validatingpolicy controllerGroup=policies.kyverno.io controllerKind=ValidatingPolicy source="kind source: *v1beta1.ValidatingPolicy" v=0
2026-10-08T12:12:10Z INF sigs.k8s.io/controller-runtime@v0.24.1/pkg/internal/controller/controller.go:369 > Starting EventSource controller=namespacedmutatingpolicy controllerGroup=policies.kyverno.io controllerKind=NamespacedMutatingPolicy source="kind source: *v1beta1.NamespacedMutatingPolicy" v=0
2026-10-08T12:12:10Z INF sigs.k8s.io/controller-runtime@v0.24.1/pkg/internal/controller/controller.go:369 > Starting EventSource controller=namespacedvalidatingpolicy controllerGroup=policies.kyverno.io controllerKind=NamespacedValidatingPolicy source="kind source: *v1beta1.NamespacedValidatingPolicy" v=0
2026-10-08T12:12:10Z INF sigs.k8s.io/controller-runtime@v0.24.1/pkg/internal/controller/controller.go:369 > Starting EventSource controller=imagevalidatingpolicy controllerGroup=policies.kyverno.io controllerKind=ImageValidatingPolicy source="kind source: *v1beta1.ImageValidatingPolicy" v=0
2026-10-08T12:12:10Z INF sigs.k8s.io/controller-runtime@v0.24.1/pkg/internal/controller/controller.go:369 > Starting EventSource controller=namespacedimagevalidatingpolicy controllerGroup=policies.kyverno.io controllerKind=NamespacedImageValidatingPolicy source="kind source: *v1beta1.NamespacedImageValidatingPolicy" v=0
2026-10-08T12:12:10Z TRC k8s.io/client-go@v0.36.3/tools/cache/reflector.go:507 > Caches populated logger=klog reflector=k8s.io/client-go@v0.36.3/tools/cache/reflector.go:343 type=*v1beta1.GeneratingPolicy v=2
2026-10-08T12:12:10Z TRC k8s.io/client-go@v0.36.3/tools/cache/reflector.go:507 > Caches populated logger=klog reflector=k8s.io/client-go@v0.36.3/tools/cache/reflector.go:343 type=*v1beta1.NamespacedGeneratingPolicy v=2
2026-10-08T12:12:10Z TRC k8s.io/client-go@v0.36.3/tools/cache/reflector.go:507 > Caches populated logger=klog reflector=k8s.io/client-go@v0.36.3/tools/cache/reflector.go:343 type=*v1.Namespace v=2
2026-10-08T12:12:10Z TRC k8s.io/client-go@v0.36.3/tools/cache/reflector.go:507 > Caches populated logger=klog reflector=k8s.io/client-go@v0.36.3/tools/cache/reflector.go:343 type=*v1.ClusterRoleBinding v=2
2026-10-08T12:12:10Z TRC k8s.io/client-go@v0.36.3/tools/cache/reflector.go:507 > Caches populated logger=klog reflector=k8s.io/client-go@v0.36.3/tools/cache/reflector.go:343 type=*v1.RoleBinding v=2
2026-10-08T12:12:10Z TRC k8s.io/client-go@v0.36.3/tools/cache/reflector.go:507 > Caches populated logger=controller-runtime/cache reflector=k8s.io/client-go@v0.36.3/tools/cache/reflector.go:343 type=*v1beta1.MutatingPolicy v=2
2026-10-08T12:12:10Z TRC k8s.io/client-go@v0.36.3/tools/cache/reflector.go:507 > Caches populated logger=controller-runtime/cache reflector=k8s.io/client-go@v0.36.3/tools/cache/reflector.go:343 type=*v1beta1.NamespacedMutatingPolicy v=2
2026-10-08T12:12:10Z TRC k8s.io/client-go@v0.36.3/tools/cache/reflector.go:507 > Caches populated logger=controller-runtime/cache reflector=k8s.io/client-go@v0.36.3/tools/cache/reflector.go:343 type=*v1beta1.NamespacedValidatingPolicy v=2
2026-10-08T12:12:10Z TRC k8s.io/client-go@v0.36.3/tools/cache/reflector.go:507 > Caches populated logger=controller-runtime/cache reflector=k8s.io/client-go@v0.36.3/tools/cache/reflector.go:343 type=*v1beta1.ValidatingPolicy v=2
2026-10-08T12:12:10Z TRC k8s.io/client-go@v0.36.3/tools/cache/reflector.go:507 > Caches populated logger=controller-runtime/cache reflector=k8s.io/client-go@v0.36.3/tools/cache/reflector.go:343 type=*v1beta1.NamespacedImageValidatingPolicy v=2
2026-10-08T12:12:10Z TRC k8s.io/client-go@v0.36.3/tools/cache/reflector.go:507 > Caches populated logger=controller-runtime/cache reflector=k8s.io/client-go@v0.36.3/tools/cache/reflector.go:343 type=*v1beta1.ImageValidatingPolicy v=2
2026-10-08T12:12:10Z INF k8s.io/client-go@v0.36.3/tools/leaderelection/leaderelection.go:258 > Attempting to acquire leader lease... lock=kyverno/kyverno logger=klog v=0
2026-10-08T12:12:10Z TRC github.com/kyverno/kyverno/cmd/internal/controller.go:32 > starting controller logger=setup name=kyverno-events v=2 workers=3
2026-10-08T12:12:10Z TRC github.com/kyverno/kyverno/pkg/event/controller.go:125 > start logger=EventGenerator v=2
2026-10-08T12:12:10Z TRC github.com/kyverno/kyverno/cmd/internal/controller.go:32 > starting controller logger=setup/controllers name=policycache-controller v=2 workers=3
2026-10-08T12:12:10Z TRC github.com/kyverno/kyverno/cmd/internal/controller.go:32 > starting controller logger=setup name=global-context v=2 workers=1
2026-10-08T12:12:10Z TRC github.com/kyverno/kyverno/pkg/leaderelection/leaderelection.go:98 > another instance has been elected as leader id=kyverno-admission-controller-7c6d8b9ccc-45ptw leader=kyverno-admission-controller-85488c98c4-qjx9b logger=setup/leader-election v=2
2026-10-08T12:12:10Z INF sigs.k8s.io/controller-runtime@v0.24.1/pkg/internal/controller/controller.go:302 > Starting Controller controller=validatingpolicy controllerGroup=policies.kyverno.io controllerKind=ValidatingPolicy v=0
2026-10-08T12:12:10Z INF sigs.k8s.io/controller-runtime@v0.24.1/pkg/internal/controller/controller.go:305 > Starting workers controller=validatingpolicy controllerGroup=policies.kyverno.io controllerKind=ValidatingPolicy v=0 worker count=1
2026-10-08T12:12:10Z INF sigs.k8s.io/controller-runtime@v0.24.1/pkg/internal/controller/controller.go:302 > Starting Controller controller=mutatingpolicy controllerGroup=policies.kyverno.io controllerKind=MutatingPolicy v=0
2026-10-08T12:12:10Z INF sigs.k8s.io/controller-runtime@v0.24.1/pkg/internal/controller/controller.go:302 > Starting Controller controller=namespacedmutatingpolicy controllerGroup=policies.kyverno.io controllerKind=NamespacedMutatingPolicy v=0
2026-10-08T12:12:10Z INF sigs.k8s.io/controller-runtime@v0.24.1/pkg/internal/controller/controller.go:305 > Starting workers controller=namespacedmutatingpolicy controllerGroup=policies.kyverno.io controllerKind=NamespacedMutatingPolicy v=0 worker count=1
2026-10-08T12:12:10Z INF sigs.k8s.io/controller-runtime@v0.24.1/pkg/internal/controller/controller.go:302 > Starting Controller controller=namespacedimagevalidatingpolicy controllerGroup=policies.kyverno.io controllerKind=NamespacedImageValidatingPolicy v=0
2026-10-08T12:12:10Z INF sigs.k8s.io/controller-runtime@v0.24.1/pkg/internal/controller/controller.go:305 > Starting workers controller=mutatingpolicy controllerGroup=policies.kyverno.io controllerKind=MutatingPolicy v=0 worker count=1
2026-10-08T12:12:10Z INF sigs.k8s.io/controller-runtime@v0.24.1/pkg/internal/controller/controller.go:305 > Starting workers controller=namespacedimagevalidatingpolicy controllerGroup=policies.kyverno.io controllerKind=NamespacedImageValidatingPolicy v=0 worker count=1
2026-10-08T12:12:10Z INF sigs.k8s.io/controller-runtime@v0.24.1/pkg/internal/controller/controller.go:302 > Starting Controller controller=namespacedvalidatingpolicy controllerGroup=policies.kyverno.io controllerKind=NamespacedValidatingPolicy v=0
2026-10-08T12:12:10Z INF sigs.k8s.io/controller-runtime@v0.24.1/pkg/internal/controller/controller.go:302 > Starting Controller controller=imagevalidatingpolicy controllerGroup=policies.kyverno.io controllerKind=ImageValidatingPolicy v=0
2026-10-08T12:12:10Z INF sigs.k8s.io/controller-runtime@v0.24.1/pkg/internal/controller/controller.go:305 > Starting workers controller=namespacedvalidatingpolicy controllerGroup=policies.kyverno.io controllerKind=NamespacedValidatingPolicy v=0 worker count=1
2026-10-08T12:12:10Z INF sigs.k8s.io/controller-runtime@v0.24.1/pkg/internal/controller/controller.go:305 > Starting workers controller=imagevalidatingpolicy controllerGroup=policies.kyverno.io controllerKind=ImageValidatingPolicy v=0 worker count=1
2026-10-08T12:12:30Z INF k8s.io/client-go@v0.36.3/tools/leaderelection/leaderelection.go:272 > Successfully acquired lease lock=kyverno/kyverno logger=klog v=0
2026-10-08T12:12:30Z TRC github.com/kyverno/kyverno/pkg/leaderelection/leaderelection.go:82 > started leading id=kyverno-admission-controller-7c6d8b9ccc-45ptw logger=setup/leader-election v=2
2026-10-08T12:12:30Z TRC github.com/kyverno/kyverno/cmd/kyverno/main.go:335 > MutatingAdmissionPolicy API is not registered, skipping MAP informers error="mutating admission policy API is not registered" v=2
2026-10-08T12:12:30Z TRC k8s.io/client-go@v0.36.3/tools/cache/reflector.go:507 > Caches populated logger=klog reflector=k8s.io/client-go@v0.36.3/tools/cache/reflector.go:343 type=*v1.Lease v=2
2026-10-08T12:12:30Z TRC k8s.io/client-go@v0.36.3/tools/cache/reflector.go:507 > Caches populated logger=klog reflector=k8s.io/client-go@v0.36.3/tools/cache/reflector.go:343 type=*v1beta1.NamespacedMutatingPolicy v=2
2026-10-08T12:12:30Z TRC k8s.io/client-go@v0.36.3/tools/cache/reflector.go:507 > Caches populated logger=klog reflector=k8s.io/client-go@v0.36.3/tools/cache/reflector.go:343 type=*v1.ValidatingAdmissionPolicyBinding v=2
2026-10-08T12:12:30Z TRC k8s.io/client-go@v0.36.3/tools/cache/reflector.go:507 > Caches populated logger=klog reflector=k8s.io/client-go@v0.36.3/tools/cache/reflector.go:343 type=*v1.ValidatingAdmissionPolicy v=2
2026-10-08T12:12:30Z TRC k8s.io/client-go@v0.36.3/tools/cache/reflector.go:507 > Caches populated logger=klog reflector=k8s.io/client-go@v0.36.3/tools/cache/reflector.go:343 type=*v1beta1.MutatingPolicy v=2
2026-10-08T12:12:30Z INF k8s.io/client-go@v0.36.3/rest/warnings.go:107 > Warning: kyverno.io/v2 PolicyException is deprecated and will be removed in a future release; migrate to PolicyException (policies.kyverno.io), see https://kyverno.io/docs/guides/migration-to-cel/ logger=klog v=0
2026-10-08T12:12:30Z TRC k8s.io/client-go@v0.36.3/tools/cache/reflector.go:507 > Caches populated logger=klog reflector=k8s.io/client-go@v0.36.3/tools/cache/reflector.go:343 type=*v1.MutatingWebhookConfiguration v=2
2026-10-08T12:12:30Z TRC k8s.io/client-go@v0.36.3/tools/cache/reflector.go:507 > Caches populated logger=klog reflector=k8s.io/client-go@v0.36.3/tools/cache/reflector.go:343 type=*v2.PolicyException v=2
2026-10-08T12:12:30Z TRC k8s.io/client-go@v0.36.3/tools/cache/reflector.go:507 > Caches populated logger=klog reflector=k8s.io/client-go@v0.36.3/tools/cache/reflector.go:343 type=*v1beta1.ValidatingPolicy v=2
2026-10-08T12:12:30Z TRC github.com/kyverno/kyverno/pkg/controllers/admissionpolicygenerator/vpol.go:12 > validating policy created kind=ValidatingPolicy logger=admissionpolicy-generator name=r1-registry-allowlist uid=efac6186-4f14-487e-a70a-79103acfa37a v=2
2026-10-08T12:12:30Z TRC k8s.io/client-go@v0.36.3/tools/cache/reflector.go:507 > Caches populated logger=klog reflector=k8s.io/client-go@v0.36.3/tools/cache/reflector.go:343 type=*v1beta1.NamespacedValidatingPolicy v=2
2026-10-08T12:12:30Z TRC github.com/kyverno/kyverno/pkg/controllers/admissionpolicygenerator/vpol.go:12 > validating policy created kind=ValidatingPolicy logger=admissionpolicy-generator name=p3-deny-test-label uid=d74b0d1a-e8b0-4ccc-a3bc-fbebe8c683cc v=2
2026-10-08T12:12:30Z TRC k8s.io/client-go@v0.36.3/tools/cache/reflector.go:507 > Caches populated logger=klog reflector=k8s.io/client-go@v0.36.3/tools/cache/reflector.go:343 type=*v1beta1.NamespacedImageValidatingPolicy v=2
2026-10-08T12:12:30Z TRC k8s.io/client-go@v0.36.3/tools/cache/reflector.go:507 > Caches populated logger=klog reflector=k8s.io/client-go@v0.36.3/tools/cache/reflector.go:343 type=*v1beta1.PolicyException v=2
2026-10-08T12:12:30Z TRC k8s.io/client-go@v0.36.3/tools/cache/reflector.go:507 > Caches populated logger=klog reflector=k8s.io/client-go@v0.36.3/tools/cache/reflector.go:343 type=*v1beta1.ImageValidatingPolicy v=2
2026-10-08T12:12:30Z TRC k8s.io/client-go@v0.36.3/tools/cache/reflector.go:507 > Caches populated logger=klog reflector=k8s.io/client-go@v0.36.3/tools/cache/reflector.go:343 type=*v1.ValidatingWebhookConfiguration v=2
2026-10-08T12:12:30Z TRC k8s.io/client-go@v0.36.3/tools/cache/reflector.go:507 > Caches populated logger=klog reflector=k8s.io/client-go@v0.36.3/tools/cache/reflector.go:343 type=*v1.ClusterRole v=2
2026-10-08T12:12:30Z TRC github.com/kyverno/kyverno/cmd/internal/controller.go:32 > starting controller logger=setup/leader/controllers name=certmanager-controller v=2 workers=1
2026-10-08T12:12:30Z TRC github.com/kyverno/kyverno/cmd/internal/controller.go:32 > starting controller logger=setup/leader/controllers name=admissionpolicy-generator v=2 workers=2
2026-10-08T12:12:30Z TRC github.com/kyverno/kyverno/cmd/internal/controller.go:32 > starting controller logger=setup/leader/controllers name=global-context-webhook-controller v=2 workers=1
2026-10-08T12:12:30Z TRC github.com/kyverno/kyverno/cmd/internal/controller.go:32 > starting controller logger=setup/leader/controllers name=status-controller v=2 workers=3
2026-10-08T12:12:30Z TRC github.com/kyverno/kyverno/pkg/utils/controller/run.go:20 > starting ... logger=admissionpolicy-generator v=2
2026-10-08T12:12:30Z TRC github.com/kyverno/kyverno/cmd/internal/controller.go:32 > starting controller logger=setup/leader/controllers name=exception-webhook-controller v=2 workers=1
2026-10-08T12:12:30Z TRC github.com/kyverno/kyverno/cmd/internal/controller.go:32 > starting controller logger=setup/leader/controllers name=webhook-controller v=2 workers=2
2026-10-08T12:12:30Z TRC github.com/kyverno/kyverno/cmd/internal/controller.go:32 > starting controller logger=setup/leader/controllers name=celexception-webhook-controller v=2 workers=1
2026-10-08T12:12:32Z TRC github.com/kyverno/kyverno/pkg/image/verifiers/ivpol/cosign/verifier.go:77 > verifying cosign image signature attestor=forgeci digest=sha256:f5eb8b57a454ab073acb0cea7d6bedfb27d37f48a327ecd65fdb7d9ea5c7c7d5 image=ghcr.io/taha7486/forge-spike-r1@sha256:f5eb8b57a454ab073acb0cea7d6bedfb27d37f48a327ecd65fdb7d9ea5c7c7d5 logger=Cosign v=2
2026-10-08T12:12:32Z ERR github.com/kyverno/kyverno/pkg/image/verifiers/ivpol/cosign/verifier.go:82 > image verification failed error="failed to build cosign verification opts: failed to initialize TUF client (mirror=\"https://tuf-repo-cdn.sigstore.dev\"): updating local metadata and targets: error updating to TUF remote mirror: tuf: failed to download 13.root.json: Get \"https://tuf-repo-cdn.sigstore.dev/13.root.json\": dial tcp: lookup tuf-repo-cdn.sigstore.dev on 10.96.0.10:53: server misbehaving" attestor=forgeci digest=sha256:f5eb8b57a454ab073acb0cea7d6bedfb27d37f48a327ecd65fdb7d9ea5c7c7d5 image=ghcr.io/taha7486/forge-spike-r1@sha256:f5eb8b57a454ab073acb0cea7d6bedfb27d37f48a327ecd65fdb7d9ea5c7c7d5 logger=Cosign
