23:25:51 A warm-cold r1-t2-golden-ghcr.yaml: admitted 15.79
23:26:05 A warm-again r1-t2-golden-ghcr.yaml: admitted 13.19
configmap/coredns patched
23:26:22 TUF blocked in CoreDNS
23:26:35 A blocked-check-new-image r1-t15-rekor-v2-ghcr.yaml: admitted 12.22
23:26:48 A blocked-golden r1-t2-golden-ghcr.yaml: admitted 12.78
23:27:01 A blocked-golden-2 r1-t2-golden-ghcr.yaml: admitted 13.02
configmap/coredns patched
23:27:19 TUF unblocked
23:28:06 A unblocked-golden r1-t2-golden-ghcr.yaml: admitted 13.82
imagevalidatingpolicy.policies.kyverno.io "r3c-split-sbom" deleted
imagevalidatingpolicy.policies.kyverno.io "r3c-split-vuln" deleted
23:29:33 B warm-cold r1-t2-golden-ghcr.yaml: admitted 14.45
23:29:34 B warm-again r1-t2-golden-ghcr.yaml: admitted 1.78
configmap/coredns patched
23:29:50 TUF blocked in CoreDNS
23:30:00 B blocked-check-new-image r1-t15-rekor-v2-ghcr.yaml: admitted 9.76
2026-10-09T23:28:42Z TRC github.com/kyverno/kyverno/cmd/internal/flag.go:335 > logger=setup/flag tufRoot= v=2
2026-10-09T23:28:42Z TRC github.com/kyverno/kyverno/cmd/internal/flag.go:335 > logger=setup/flag tufRootRaw= v=2
23:30:02 B blocked-golden r1-t2-golden-ghcr.yaml: admitted 1.84
23:30:04 B blocked-golden-2 r1-t2-golden-ghcr.yaml: admitted 1.71
2026-10-09T23:28:42Z TRC github.com/kyverno/kyverno/cmd/internal/flag.go:335 > logger=setup/flag tufRoot= v=2
2026-10-09T23:28:42Z TRC github.com/kyverno/kyverno/cmd/internal/flag.go:335 > logger=setup/flag tufRootRaw= v=2
configmap/coredns patched
23:30:23 TUF unblocked
23:31:10 B unblocked-golden r1-t2-golden-ghcr.yaml: admitted 1.90
23:31:10 cleanup
configmap/coredns patched (no change)
