23:55:22 == L1
23:55:22 -- l1-cold-5
cold,5,26.2,5,0,0,4,11,86.3,33.95,90.22,50.38
23:59:41 -- l1-cold-10
cold,10,4.1,0,0,10,17,13,52.94,0.23,75.74,71.08
00:01:36 -- l1-cold-20
cold,20,35.1,7,13,0,14,15,115.6,53.95,165.7,43.62
00:03:46 -- l1-warm-5
warm,5,20.6,4,0,1,8,7,88.29,43.79,80.83,37.08
00:07:34 -- l1-warm-10
warm,10,28.4,10,0,0,13,17,110.4,38.34,104.8,88.09
00:10:43 -- l1-warm-20
warm,20,34.8,10,10,0,18,24,137.8,52.35,111.5,43.35
00:14:14 == L2
00:14:14 -- l2-cold-10
cold,10,86.4,90.6,10,0,13,23,73.23,97.55
00:17:10 -- l2-cold-20
cold,20,97.2,105.6,20,0,36,30,95.65,90.9
00:20:51 -- l2-warm-10
warm,10,71.6,79.4,10,0,15,24,78.05,91.12
00:30:06 -- l2-warm-20
warm,20,12.9,104.5,20,0,36,36,105,86.01
00:34:08 == step6 done
00:34:08 cleanup
